Archive member included because of file (symbol)

c:/winavr-20100110/bin/../lib/gcc/avr/4.3.3/avr5\libgcc.a(_exit.o)
                              c:/winavr-20100110/bin/../lib/gcc/avr/4.3.3/../../../../avr/lib/avr5/crtm32.o (exit)
c:/winavr-20100110/bin/../lib/gcc/avr/4.3.3/avr5\libgcc.a(_copy_data.o)
                              ./EXTI/EXTI_Cnfg.o (__do_copy_data)
c:/winavr-20100110/bin/../lib/gcc/avr/4.3.3/avr5\libgcc.a(_clear_bss.o)
                              ./EXTI/EXTI_prog.o (__do_clear_bss)

Allocating common symbols
Common symbol       size              file

GPS_stuFlag         0x1               ./main.o
GPS_stuLocation     0x4               ./main.o

Memory Configuration

Name             Origin             Length             Attributes
text             0x00000000         0x00020000         xr
data             0x00800060         0x0000ffa0         rw !x
eeprom           0x00810000         0x00010000         rw !x
fuse             0x00820000         0x00000400         rw !x
lock             0x00830000         0x00000400         rw !x
signature        0x00840000         0x00000400         rw !x
*default*        0x00000000         0xffffffff

Linker script and memory map

LOAD c:/winavr-20100110/bin/../lib/gcc/avr/4.3.3/../../../../avr/lib/avr5/crtm32.o
LOAD ./GIE/GIE_prog.o
LOAD ./EXTI/EXTI_Cnfg.o
LOAD ./EXTI/EXTI_prog.o
LOAD ./DIO_prog.o
LOAD ./UART_Prog.o
LOAD ./main.o
LOAD c:/winavr-20100110/bin/../lib/gcc/avr/4.3.3/avr5\libgcc.a
LOAD c:/winavr-20100110/bin/../lib/gcc/avr/4.3.3/../../../../avr/lib/avr5\libc.a
LOAD c:/winavr-20100110/bin/../lib/gcc/avr/4.3.3/avr5\libgcc.a

.hash
 *(.hash)

.dynsym
 *(.dynsym)

.dynstr
 *(.dynstr)

.gnu.version
 *(.gnu.version)

.gnu.version_d
 *(.gnu.version_d)

.gnu.version_r
 *(.gnu.version_r)

.rel.init
 *(.rel.init)

.rela.init
 *(.rela.init)

.rel.text
 *(.rel.text)
 *(.rel.text.*)
 *(.rel.gnu.linkonce.t*)

.rela.text
 *(.rela.text)
 *(.rela.text.*)
 *(.rela.gnu.linkonce.t*)

.rel.fini
 *(.rel.fini)

.rela.fini
 *(.rela.fini)

.rel.rodata
 *(.rel.rodata)
 *(.rel.rodata.*)
 *(.rel.gnu.linkonce.r*)

.rela.rodata
 *(.rela.rodata)
 *(.rela.rodata.*)
 *(.rela.gnu.linkonce.r*)

.rel.data
 *(.rel.data)
 *(.rel.data.*)
 *(.rel.gnu.linkonce.d*)

.rela.data
 *(.rela.data)
 *(.rela.data.*)
 *(.rela.gnu.linkonce.d*)

.rel.ctors
 *(.rel.ctors)

.rela.ctors
 *(.rela.ctors)

.rel.dtors
 *(.rel.dtors)

.rela.dtors
 *(.rela.dtors)

.rel.got
 *(.rel.got)

.rela.got
 *(.rela.got)

.rel.bss
 *(.rel.bss)

.rela.bss
 *(.rela.bss)

.rel.plt
 *(.rel.plt)

.rela.plt
 *(.rela.plt)

.text           0x00000000     0x144e
 *(.vectors)
 .vectors       0x00000000       0x54 c:/winavr-20100110/bin/../lib/gcc/avr/4.3.3/../../../../avr/lib/avr5/crtm32.o
                0x00000000                __vectors
                0x00000000                __vector_default
 *(.vectors)
 *(.progmem.gcc*)
 *(.progmem*)
                0x00000054                . = ALIGN (0x2)
                0x00000054                __trampolines_start = .
 *(.trampolines)
 .trampolines   0x00000054        0x0 linker stubs
 *(.trampolines*)
                0x00000054                __trampolines_end = .
 *(.jumptables)
 *(.jumptables*)
 *(.lowtext)
 *(.lowtext*)
                0x00000054                __ctors_start = .
 *(.ctors)
                0x00000054                __ctors_end = .
                0x00000054                __dtors_start = .
 *(.dtors)
                0x00000054                __dtors_end = .
 SORT(*)(.ctors)
 SORT(*)(.dtors)
 *(.init0)
 .init0         0x00000054        0x0 c:/winavr-20100110/bin/../lib/gcc/avr/4.3.3/../../../../avr/lib/avr5/crtm32.o
                0x00000054                __init
 *(.init0)
 *(.init1)
 *(.init1)
 *(.init2)
 .init2         0x00000054        0xc c:/winavr-20100110/bin/../lib/gcc/avr/4.3.3/../../../../avr/lib/avr5/crtm32.o
 *(.init2)
 *(.init3)
 *(.init3)
 *(.init4)
 .init4         0x00000060       0x16 c:/winavr-20100110/bin/../lib/gcc/avr/4.3.3/avr5\libgcc.a(_copy_data.o)
                0x00000060                __do_copy_data
 .init4         0x00000076       0x10 c:/winavr-20100110/bin/../lib/gcc/avr/4.3.3/avr5\libgcc.a(_clear_bss.o)
                0x00000076                __do_clear_bss
 *(.init4)
 *(.init5)
 *(.init5)
 *(.init6)
 *(.init6)
 *(.init7)
 *(.init7)
 *(.init8)
 *(.init8)
 *(.init9)
 .init9         0x00000086        0x8 c:/winavr-20100110/bin/../lib/gcc/avr/4.3.3/../../../../avr/lib/avr5/crtm32.o
 *(.init9)
 *(.text)
 .text          0x0000008e        0x4 c:/winavr-20100110/bin/../lib/gcc/avr/4.3.3/../../../../avr/lib/avr5/crtm32.o
                0x0000008e                __vector_12
                0x0000008e                __bad_interrupt
                0x0000008e                __vector_6
                0x0000008e                __vector_11
                0x0000008e                __vector_13
                0x0000008e                __vector_17
                0x0000008e                __vector_19
                0x0000008e                __vector_7
                0x0000008e                __vector_5
                0x0000008e                __vector_4
                0x0000008e                __vector_9
                0x0000008e                __vector_15
                0x0000008e                __vector_8
                0x0000008e                __vector_14
                0x0000008e                __vector_10
                0x0000008e                __vector_16
                0x0000008e                __vector_18
                0x0000008e                __vector_20
 .text          0x00000092        0x0 ./GIE/GIE_prog.o
 .text          0x00000092        0x0 ./EXTI/EXTI_Cnfg.o
 .text          0x00000092        0x0 ./EXTI/EXTI_prog.o
 .text          0x00000092        0x0 ./DIO_prog.o
 .text          0x00000092        0x0 ./UART_Prog.o
 .text          0x00000092        0x0 ./main.o
 .text          0x00000092        0x0 c:/winavr-20100110/bin/../lib/gcc/avr/4.3.3/avr5\libgcc.a(_exit.o)
 .text          0x00000092        0x0 c:/winavr-20100110/bin/../lib/gcc/avr/4.3.3/avr5\libgcc.a(_copy_data.o)
 .text          0x00000092        0x0 c:/winavr-20100110/bin/../lib/gcc/avr/4.3.3/avr5\libgcc.a(_clear_bss.o)
                0x00000092                . = ALIGN (0x2)
 *(.text.*)
 .text.GIE_enuEnable
                0x00000092       0x24 ./GIE/GIE_prog.o
                0x00000092                GIE_enuEnable
 .text.GIE_enuDisable
                0x000000b6       0x24 ./GIE/GIE_prog.o
                0x000000b6                GIE_enuDisable
 .text.EXTI_enuInit
                0x000000da      0x266 ./EXTI/EXTI_prog.o
                0x000000da                EXTI_enuInit
 .text.EXTI_enuSetSenceMode
                0x00000340      0x1b4 ./EXTI/EXTI_prog.o
                0x00000340                EXTI_enuSetSenceMode
 .text.EXTI_enuEnableINT
                0x000004f4       0x84 ./EXTI/EXTI_prog.o
                0x000004f4                EXTI_enuEnableINT
 .text.EXTI_enuDisableINT
                0x00000578       0x84 ./EXTI/EXTI_prog.o
                0x00000578                EXTI_enuDisableINT
 .text.EXTI_enuCallBack
                0x000005fc       0x76 ./EXTI/EXTI_prog.o
                0x000005fc                EXTI_enuCallBack
 .text.__vector_1
                0x00000672       0x6e ./EXTI/EXTI_prog.o
                0x00000672                __vector_1
 .text.__vector_2
                0x000006e0       0x6e ./EXTI/EXTI_prog.o
                0x000006e0                __vector_2
 .text.__vector_3
                0x0000074e       0x6e ./EXTI/EXTI_prog.o
                0x0000074e                __vector_3
 .text.DIO_enuSetPortDirection
                0x000007bc       0x9a ./DIO_prog.o
                0x000007bc                DIO_enuSetPortDirection
 .text.DIO_enuSetPortValue
                0x00000856       0x9a ./DIO_prog.o
                0x00000856                DIO_enuSetPortValue
 .text.DIO_enuToggelPort
                0x000008f0       0xae ./DIO_prog.o
                0x000008f0                DIO_enuToggelPort
 .text.DIO_enuGetPortVlaue
                0x0000099e       0xbe ./DIO_prog.o
                0x0000099e                DIO_enuGetPortVlaue
 .text.DIO_enuSetPinDirection
                0x00000a5c      0x1ee ./DIO_prog.o
                0x00000a5c                DIO_enuSetPinDirection
 .text.DIO_enuSetPinValue
                0x00000c4a      0x1ee ./DIO_prog.o
                0x00000c4a                DIO_enuSetPinValue
 .text.DIO_enuToggelPin
                0x00000e38      0x11c ./DIO_prog.o
                0x00000e38                DIO_enuToggelPin
 .text.DIO_enuGetPinVlaue
                0x00000f54      0x13c ./DIO_prog.o
                0x00000f54                DIO_enuGetPinVlaue
 .text.UART_enuInit
                0x00001090       0x5c ./UART_Prog.o
                0x00001090                UART_enuInit
 .text.UART_enuSendByte
                0x000010ec       0x66 ./UART_Prog.o
                0x000010ec                UART_enuSendByte
 .text.UART_enuRecieveByte
                0x00001152       0x48 ./UART_Prog.o
                0x00001152                UART_enuRecieveByte
 .text.UART_enuSendString
                0x0000119a       0x6c ./UART_Prog.o
                0x0000119a                UART_enuSendString
 .text.UART_enuReceiveString
                0x00001206       0x98 ./UART_Prog.o
                0x00001206                UART_enuReceiveString
 .text.main     0x0000129e       0x92 ./main.o
                0x0000129e                main
 .text.gps_start
                0x00001330      0x11a ./main.o
                0x00001330                gps_start
 .text.libgcc   0x0000144a        0x0 c:/winavr-20100110/bin/../lib/gcc/avr/4.3.3/avr5\libgcc.a(_exit.o)
 .text.libgcc   0x0000144a        0x0 c:/winavr-20100110/bin/../lib/gcc/avr/4.3.3/avr5\libgcc.a(_copy_data.o)
 .text.libgcc   0x0000144a        0x0 c:/winavr-20100110/bin/../lib/gcc/avr/4.3.3/avr5\libgcc.a(_clear_bss.o)
                0x0000144a                . = ALIGN (0x2)
 *(.fini9)
 .fini9         0x0000144a        0x0 c:/winavr-20100110/bin/../lib/gcc/avr/4.3.3/avr5\libgcc.a(_exit.o)
                0x0000144a                exit
                0x0000144a                _exit
 *(.fini9)
 *(.fini8)
 *(.fini8)
 *(.fini7)
 *(.fini7)
 *(.fini6)
 *(.fini6)
 *(.fini5)
 *(.fini5)
 *(.fini4)
 *(.fini4)
 *(.fini3)
 *(.fini3)
 *(.fini2)
 *(.fini2)
 *(.fini1)
 *(.fini1)
 *(.fini0)
 .fini0         0x0000144a        0x4 c:/winavr-20100110/bin/../lib/gcc/avr/4.3.3/avr5\libgcc.a(_exit.o)
 *(.fini0)
                0x0000144e                _etext = .

.data           0x00800060        0x8 load address 0x0000144e
                0x00800060                PROVIDE (__data_start, .)
 *(.data)
 .data          0x00800060        0x0 c:/winavr-20100110/bin/../lib/gcc/avr/4.3.3/../../../../avr/lib/avr5/crtm32.o
 .data          0x00800060        0x0 ./GIE/GIE_prog.o
 .data          0x00800060        0x0 ./EXTI/EXTI_Cnfg.o
 .data          0x00800060        0x0 ./EXTI/EXTI_prog.o
 .data          0x00800060        0x0 ./DIO_prog.o
 .data          0x00800060        0x0 ./UART_Prog.o
 .data          0x00800060        0x0 ./main.o
 .data          0x00800060        0x0 c:/winavr-20100110/bin/../lib/gcc/avr/4.3.3/avr5\libgcc.a(_exit.o)
 .data          0x00800060        0x0 c:/winavr-20100110/bin/../lib/gcc/avr/4.3.3/avr5\libgcc.a(_copy_data.o)
 .data          0x00800060        0x0 c:/winavr-20100110/bin/../lib/gcc/avr/4.3.3/avr5\libgcc.a(_clear_bss.o)
 *(.data*)
 .data.EXTI_AstrCnfg
                0x00800060        0x2 ./EXTI/EXTI_Cnfg.o
                0x00800060                EXTI_AstrCnfg
 .data.GPS_u8stLinePattern
                0x00800062        0x6 ./main.o
 *(.rodata)
 *(.rodata*)
 *(.gnu.linkonce.d*)
                0x00800068                . = ALIGN (0x2)
                0x00800068                _edata = .
                0x00800068                PROVIDE (__data_end, .)

.bss            0x00800068       0x15
                0x00800068                PROVIDE (__bss_start, .)
 *(.bss)
 .bss           0x00800068        0x0 c:/winavr-20100110/bin/../lib/gcc/avr/4.3.3/../../../../avr/lib/avr5/crtm32.o
 .bss           0x00800068        0x0 ./GIE/GIE_prog.o
 .bss           0x00800068        0x0 ./EXTI/EXTI_Cnfg.o
 .bss           0x00800068        0x0 ./EXTI/EXTI_prog.o
 .bss           0x00800068        0x0 ./DIO_prog.o
 .bss           0x00800068        0x0 ./UART_Prog.o
 .bss           0x00800068        0x0 ./main.o
 .bss           0x00800068        0x0 c:/winavr-20100110/bin/../lib/gcc/avr/4.3.3/avr5\libgcc.a(_exit.o)
 .bss           0x00800068        0x0 c:/winavr-20100110/bin/../lib/gcc/avr/4.3.3/avr5\libgcc.a(_copy_data.o)
 .bss           0x00800068        0x0 c:/winavr-20100110/bin/../lib/gcc/avr/4.3.3/avr5\libgcc.a(_clear_bss.o)
 *(.bss*)
 .bss.EXTI_ApfunINTFunc
                0x00800068        0x6 ./EXTI/EXTI_prog.o
 .bss.EXTI_ApvidGenericParameter
                0x0080006e        0x6 ./EXTI/EXTI_prog.o
 .bss.u8ReceivedChar
                0x00800074        0x1 ./main.o
 .bss.Local_u8CommaCounter.1273
                0x00800075        0x1 ./main.o
 .bss.Local_u8CharCounter.1272
                0x00800076        0x1 ./main.o
 .bss.Local_u8TempChar.1271
                0x00800077        0x1 ./main.o
 *(COMMON)
 COMMON         0x00800078        0x5 ./main.o
                0x00800078                GPS_stuFlag
                0x00800079                GPS_stuLocation
                0x0080007d                PROVIDE (__bss_end, .)
                0x0000144e                __data_load_start = LOADADDR (.data)
                0x00001456                __data_load_end = (__data_load_start + SIZEOF (.data))

.noinit         0x0080007d        0x0
                0x0080007d                PROVIDE (__noinit_start, .)
 *(.noinit*)
                0x0080007d                PROVIDE (__noinit_end, .)
                0x0080007d                _end = .
                0x0080007d                PROVIDE (__heap_start, .)

.eeprom         0x00810000        0x0
 *(.eeprom*)
                0x00810000                __eeprom_end = .

.fuse
 *(.fuse)
 *(.lfuse)
 *(.hfuse)
 *(.efuse)

.lock
 *(.lock*)

.signature
 *(.signature*)

.stab           0x00000000     0x1e78
 *(.stab)
 .stab          0x00000000      0x288 ./GIE/GIE_prog.o
 .stab          0x00000288      0x1d4 ./EXTI/EXTI_Cnfg.o
                                0x1e0 (size before relaxing)
 .stab          0x0000045c      0x780 ./EXTI/EXTI_prog.o
                                0x858 (size before relaxing)
 .stab          0x00000bdc      0x96c ./DIO_prog.o
                                0x978 (size before relaxing)
 .stab          0x00001548      0x570 ./UART_Prog.o
                                0x57c (size before relaxing)
 .stab          0x00001ab8      0x3c0 ./main.o
                                0x480 (size before relaxing)

.stabstr        0x00000000      0xb7e
 *(.stabstr)
 .stabstr       0x00000000      0xb7e ./GIE/GIE_prog.o

.stab.excl
 *(.stab.excl)

.stab.exclstr
 *(.stab.exclstr)

.stab.index
 *(.stab.index)

.stab.indexstr
 *(.stab.indexstr)

.comment
 *(.comment)

.debug
 *(.debug)

.line
 *(.line)

.debug_srcinfo
 *(.debug_srcinfo)

.debug_sfnames
 *(.debug_sfnames)

.debug_aranges
 *(.debug_aranges)

.debug_pubnames
 *(.debug_pubnames)

.debug_info
 *(.debug_info)
 *(.gnu.linkonce.wi.*)

.debug_abbrev
 *(.debug_abbrev)

.debug_line
 *(.debug_line)

.debug_frame
 *(.debug_frame)

.debug_str
 *(.debug_str)

.debug_loc
 *(.debug_loc)

.debug_macinfo
 *(.debug_macinfo)
OUTPUT(UART.elf elf32-avr)
LOAD linker stubs
